// Jest Snapshot v1, https://goo.gl/fbAQLP

exports[`Options should render correctly 1`] = `"<li class="rc-pagination-options"><div class="rc-select rc-pagination-options-size-changer rc-select-single" aria-label="页码"><div class="rc-select-selector"><span class="rc-select-selection-search"><input type="search" autocomplete="off" class="rc-select-selection-search-input" role="combobox" aria-expanded="false" aria-haspopup="listbox" aria-owns="rc_select_TEST_OR_SSR_list" aria-autocomplete="list" aria-controls="rc_select_TEST_OR_SSR_list" aria-label="页码" readonly="" unselectable="on" style="opacity: 0;" value="" id="rc_select_TEST_OR_SSR"></span><span class="rc-select-selection-item" title="10 条/页">10 条/页</span></div></div><div class="rc-pagination-options-quick-jumper">跳至<input type="text" aria-label="页" value="">页</div></li>"`;
